../Core/Src/main.c:514:5:ESP01_EscribirUSART	16	static
../Core/Src/main.c:531:6:ESP01_RecibirPayload	24	static
../Core/Src/main.c:521:6:ESP01_ControlarCHPD	0	static
../Core/Src/main.c:242:6:SystemClock_Config	88	static,ignoring_inline_asm
../Core/Src/main.c:286:6:button_update	16	static
../Core/Src/main.c:330:6:trans_por_uart1	8	static
../Core/Src/main.c:342:6:HAL_TIM_PeriodElapsedCallback	16	static
../Core/Src/main.c:371:6:HAL_I2C_MemTxCpltCallback	0	static
../Core/Src/main.c:376:6:HAL_GPIO_EXTI_Callback	0	static
../Core/Src/main.c:385:6:Test_Ultrasonic	32	static
../Core/Src/main.c:439:6:Servo_SetAngle	0	static
../Core/Src/main.c:449:6:Test_Servo	8	static
../Core/Src/main.c:466:6:Test_BothMotors	8	static
../Core/Src/main.c:548:6:HAL_UART_RxCpltCallback	8	static
../Core/Src/main.c:560:6:HAL_ADC_ConvCpltCallback	8	static
../Core/Src/main.c:568:6:Test_TCRT5000	32	static
../Core/Src/main.c:127:5:main	16	static
../Core/Src/main.c:604:6:USBRXX	8	static
../Core/Src/main.c:624:6:Error_Handler	0	static,ignoring_inline_asm
